Archive member included to satisfy reference by file (symbol)

/usr/bin/../lib/gcc/arm-none-eabi/7.3.1/thumb/v7-m/libgcc.a(_arm_addsubdf3.o)
                              pressure.o (__aeabi_i2d)
/usr/bin/../lib/gcc/arm-none-eabi/7.3.1/thumb/v7-m/libgcc.a(_arm_muldivdf3.o)
                              pressure.o (__aeabi_ddiv)
/usr/bin/../lib/gcc/arm-none-eabi/7.3.1/thumb/v7-m/libgcc.a(_arm_truncdfsf2.o)
                              pressure.o (__aeabi_d2f)
/usr/bin/../lib/gcc/arm-none-eabi/7.3.1/thumb/v7-m/libgcc.a(_arm_addsubsf3.o)
                              pressure.o (__aeabi_fsub)
/usr/bin/../lib/gcc/arm-none-eabi/7.3.1/thumb/v7-m/libgcc.a(_arm_muldivsf3.o)
                              pressure.o (__aeabi_fmul)
/usr/bin/../lib/gcc/arm-none-eabi/7.3.1/thumb/v7-m/libgcc.a(_arm_cmpsf2.o)
                              pulse.o (__aeabi_fcmpgt)
/usr/bin/../lib/gcc/arm-none-eabi/7.3.1/thumb/v7-m/libgcc.a(_arm_fixsfsi.o)
                              sensorlib.o (__aeabi_f2iz)
/usr/bin/../lib/gcc/arm-none-eabi/7.3.1/thumb/v7-m/libgcc.a(_aeabi_uldivmod.o)
                              hwlib.o (__aeabi_uldivmod)
/usr/bin/../lib/gcc/arm-none-eabi/7.3.1/thumb/v7-m/libgcc.a(_udivmoddi4.o)
                              /usr/bin/../lib/gcc/arm-none-eabi/7.3.1/thumb/v7-m/libgcc.a(_aeabi_uldivmod.o) (__udivmoddi4)
/usr/bin/../lib/gcc/arm-none-eabi/7.3.1/thumb/v7-m/libgcc.a(_dvmd_tls.o)
                              /usr/bin/../lib/gcc/arm-none-eabi/7.3.1/thumb/v7-m/libgcc.a(_aeabi_uldivmod.o) (__aeabi_ldiv0)

Allocating common symbols
Common symbol       size              file

__dso_handle        0x4               bmptk_cortex.o

Discarded input sections

 .group         0x0000000000000000        0x8 sensorlib.o
 .group         0x0000000000000000        0xc sensorlib.o
 .group         0x0000000000000000        0xc sensorlib.o
 .group         0x0000000000000000        0xc sensorlib.o
 .text          0x0000000000000000        0x0 sensorlib.o
 .data          0x0000000000000000        0x0 sensorlib.o
 .bss           0x0000000000000000        0x0 sensorlib.o
 .text._ZN6sensor6updateEv
                0x0000000000000000       0x12 sensorlib.o
 .text._ZN5hwlib19uart_char_availableEv
                0x0000000000000000        0x4 sensorlib.o
 .text._ZN5hwlib9uart_getcEv
                0x0000000000000000        0x4 sensorlib.o
 .text._ZNK6sensor10getOutputfEv
                0x0000000000000000        0x4 sensorlib.o
 .rodata._ZTV6sensor
                0x0000000000000000        0xc sensorlib.o
 .group         0x0000000000000000        0xc pressure.o
 .text          0x0000000000000000        0x0 pressure.o
 .data          0x0000000000000000        0x0 pressure.o
 .bss           0x0000000000000000        0x0 pressure.o
 .text._ZN6sam3xa10SystemInitEv
                0x0000000000000000       0x7c pressure.o
 .text._ZN3due8pin_infoENS_4pinsE
                0x0000000000000000       0x20 pressure.o
 .text._ZN3due11ad_pin_infoENS_7ad_pinsE
                0x0000000000000000       0x1c pressure.o
 .text._ZN3due11ad_seq_infoEm
                0x0000000000000000       0x20 pressure.o
 .text._ZN3due14port_registersEm
                0x0000000000000000       0x54 pressure.o
 .text._ZN3due12ticks_per_usEv
                0x0000000000000000        0x6 pressure.o
 .text._ZN3due9now_ticksEv
                0x0000000000000000       0x80 pressure.o
 .text._ZN5hwlib9uart_putcEc
                0x0000000000000000        0x4 pressure.o
 .text._ZN5hwlib19uart_char_availableEv
                0x0000000000000000        0x4 pressure.o
 .text._ZN5hwlib9uart_getcEv
                0x0000000000000000        0x4 pressure.o
 .text._ZNK8pressure10getVoltageEv
                0x0000000000000000        0xa pressure.o
 .text._ZNK8pressure16getTotalPressureEv
                0x0000000000000000        0xa pressure.o
 .bss._ZZN3due9now_ticksEvE4high
                0x0000000000000000        0x8 pressure.o
 .bss._ZZN3due9now_ticksEvE8last_low
                0x0000000000000000        0x4 pressure.o
 .bss._ZZN3due9now_ticksEvE9init_done
                0x0000000000000000        0x1 pressure.o
 .data._ZN6sam3xa15SystemCoreClockE
                0x0000000000000000        0x4 pressure.o
 .rodata._ZN3due8pin_infoENS_4pinsE.str1.1
                0x0000000000000000       0x37 pressure.o
 .rodata._ZZN3due11ad_pin_infoENS_7ad_pinsEE17ad_pin_info_array
                0x0000000000000000        0xc pressure.o
 .rodata._ZZN3due11ad_seq_infoEmE12ad_seq_array
                0x0000000000000000       0x70 pressure.o
 .rodata._ZZN3due8pin_infoENS_4pinsEE14pin_info_array
                0x0000000000000000       0xa4 pressure.o
 .group         0x0000000000000000        0xc pulse.o
 .text          0x0000000000000000        0x0 pulse.o
 .data          0x0000000000000000        0x0 pulse.o
 .bss           0x0000000000000000        0x0 pulse.o
 .text._ZN5pulse6updateEv
                0x0000000000000000       0x44 pulse.o
 .text._ZN6sam3xa10SystemInitEv
[...]
Memory Configuration

Name             Origin             Length             Attributes
rom              0x0000000000000000 0x0000000000080000 xr
ram              0x0000000020000000 0x0000000000018000 xrw
nul              0x0000000020018000 0x0000000000000000 xrw
*default*        0x0000000000000000 0xffffffffffffffff

Linker script and memory map

LOAD /usr/bin/../lib/gcc/arm-none-eabi/7.3.1/thumb/v7-m/libgcc.a
LOAD sensorlib.o
LOAD pressure.o
LOAD pulse.o
LOAD activate.o
LOAD hwlib.o
LOAD main.o
LOAD bmptk_cortex.o
LOAD bmptk_heap_none.o
LOAD bmptk_fixed_size_stack.o
LOAD /usr/bin/../lib/gcc/arm-none-eabi/7.3.1/../../../../arm-none-eabi/lib/thumb/v7-m/libm.a
LOAD /usr/bin/../lib/gcc/arm-none-eabi/7.3.1/thumb/v7-m/libgcc.a
LOAD /usr/bin/../lib/gcc/arm-none-eabi/7.3.1/../../../../arm-none-eabi/lib/thumb/v7-m/libc.a
                0x0000000000000000                __rom_start = ORIGIN (rom)
                0x0000000000080000                __rom_size = LENGTH (rom)
                0x0000000000080000                __rom_end = (__rom_start + __rom_size)
                0x0000000020000000                __ram_start = ORIGIN (ram)
                0x0000000000018000                __ram_size = LENGTH (ram)
                0x0000000020018000                __ram_end = (__ram_start + __ram_size)
                [!provide]                        PROVIDE (__rom_start = __rom_start)
                [!provide]                        PROVIDE (__rom_size = __rom_size)
                [!provide]                        PROVIDE (__rom_end = __rom_end)
                [!provide]                        PROVIDE (__ram_start = __ram_start)
                [!provide]                        PROVIDE (__ram_size = __ram_size)
                [!provide]                        PROVIDE (__ram_end = __ram_end)

.text           0x0000000000000000     0x2e38
                0x0000000000000000                . = ALIGN (0x4)
                0x0000000000000000                __text_start = .
                [!provide]                        PROVIDE (__text_start = __text_start)
                0x0000000000000000                . = ALIGN (0x4)
 *(.vectors)
 .vectors       0x0000000000000000       0x20 bmptk_cortex.o
                0x0000000000000000                __vectors
                0x0000000000000020                . = ALIGN (0x4)
 *(.text .text.* .gnu.linkonce.t.*)
 .text._ZN3due7pin_adc7refreshEv
                0x0000000000000020        0x2 sensorlib.o
                0x0000000000000020                due::pin_adc::refresh()
 *fill*         0x0000000000000022        0x2 
 .text._ZN3due7pin_adc4readEv
                0x0000000000000024       0x24 sensorlib.o
                0x0000000000000024                due::pin_adc::read()
 .text._ZN6sam3xa10SystemInitEv
                0x0000000000000048       0x7c sensorlib.o
                0x0000000000000048                sam3xa::SystemInit()
 .text._ZN3due8pin_infoENS_4pinsE
                0x00000000000000c4       0x20 sensorlib.o
                0x00000000000000c4                due::pin_info(due::pins)
 .text._ZN3due11ad_pin_infoENS_7ad_pinsE
                0x00000000000000e4       0x1c sensorlib.o
                0x00000000000000e4                due::ad_pin_info(due::ad_pins)
 .text._ZN3due11ad_seq_infoEm
                0x0000000000000100       0x20 sensorlib.o
                0x0000000000000100                due::ad_seq_info(unsigned long)
 .text._ZN3due14port_registersEm
                0x0000000000000120       0x54 sensorlib.o
                0x0000000000000120                due::port_registers(unsigned long)
 .text._ZN3due12ticks_per_usEv
                0x0000000000000174        0x6 sensorlib.o
                0x0000000000000174                due::ticks_per_us()
 *fill*         0x000000000000017a        0x2 
 .text._ZN3due9now_ticksEv
                0x000000000000017c       0x80 sensorlib.o
                0x000000000000017c                due::now_ticks()
 .text._ZN5hwlib9uart_putcEc
                0x00000000000001fc        0x4 sensorlib.o
                0x00000000000001fc                hwlib::uart_putc(char)
 .text._ZNK6sensor9getOutputEv
                0x0000000000000200        0xa sensorlib.o
                0x0000000000000200                sensor::getOutput() const
 .text._ZN6sensor11writeOutputERKf
                0x000000000000020a        0x6 sensorlib.o
                0x000000000000020a                sensor::writeOutput(float const&)
 .text._ZNK6sensor6getPinEv
                0x0000000000000210       0x1c sensorlib.o
                0x0000000000000210                sensor::getPin() const
 .text._ZN8pressure6updateEv
                0x000000000000022c       0xa4 pressure.o
                0x000000000000022c                pressure::update()
 .text._ZN8pressure7setBaseEv
                0x00000000000002d0       0x1a pressure.o
                0x00000000000002d0                pressure::setBase()
 .text._ZNK8pressure13getAtmosphereEv
                0x00000000000002ea        0xa pressure.o
                0x00000000000002ea                pressure::getAtmosphere() const
 .text._ZNK8pressure15getPressureDiffEv
                0x00000000000002f4        0xa pressure.o
                0x00000000000002f4                pressure::getPressureDiff() const
 .text._ZN8activate5writeERKi
                0x00000000000002fe       0x10 activate.o
                0x00000000000002fe                activate::write(int const&)
 .text._ZN5hwlib20cout_using_uart_putc5flushEv
                0x000000000000030e        0x2 hwlib.o
                0x000000000000030e                hwlib::cout_using_uart_putc::flush()
 .text._ZNK5hwlib14image_invert_t18get_implementationENS_2xyE
                0x0000000000000310       0x8a hwlib.o
                0x0000000000000310                hwlib::image_invert_t::get_implementation(hwlib::xy) const
 *fill*         0x000000000000039a        0x2 
 .text._ZNK5hwlib9image_8x818get_implementationENS_2xyE
                0x000000000000039c       0x44 hwlib.o
                0x000000000000039c                hwlib::image_8x8::get_implementation(hwlib::xy) const
 .text._ZN5hwlib5panicEPKcj
                0x00000000000003e0        0x2 hwlib.o
                0x00000000000003e0                hwlib::panic(char const*, unsigned int)
 .text._ZN5hwlib7ostreamlsEc
                0x00000000000003e2        0xe hwlib.o
                0x00000000000003e2                hwlib::ostream::operator<<(char)
 .text._ZN5hwliblsERNS_7ostreamEPKc
                0x00000000000003f0       0x66 hwlib.o
                0x00000000000003f0                hwlib::operator<<(hwlib::ostream&, char const*)
 .text._ZN5hwliblsERNS_7ostreamEi
                0x0000000000000456       0xce hwlib.o
                0x0000000000000456                hwlib::operator<<(hwlib::ostream&, int)
 .text._ZN5hwlib3allENS_2xyE
                0x0000000000000524       0x16 hwlib.o
                0x0000000000000524                hwlib::all(hwlib::xy)
 *fill*         0x000000000000053a        0x2 
 .text._ZN5hwlib6invertERKNS_5imageE
                0x000000000000053c       0x18 hwlib.o
                0x000000000000053c                hwlib::invert(hwlib::image const&)
 .text._ZN5hwlib6window5writeENS_2xyENS_5colorE
                0x0000000000000554       0x3e hwlib.o
                0x0000000000000554                hwlib::window::write(hwlib::xy, hwlib::color)
 *fill*         0x0000000000000592        0x2 
 .text._ZN3due9uart_initEv
                0x0000000000000594       0x60 hwlib.o
                0x0000000000000594                due::uart_init()
 .text._ZN3due9uart_putcEc
                0x00000000000005f4       0x1c hwlib.o
                0x00000000000005f4                due::uart_putc(char)
 .text._ZN5hwlib20cout_using_uart_putc4putcEc
                0x0000000000000610        0xa hwlib.o
                0x0000000000000610                hwlib::cout_using_uart_putc::putc(char)
 .text._ZN5hwlib6now_usEv
                0x000000000000061a       0x1c hwlib.o
                0x000000000000061a                hwlib::now_us()
 .text._ZN5hwlib12wait_us_busyEi
                0x0000000000000636       0x1c hwlib.o
                0x0000000000000636                hwlib::wait_us_busy(int)
 .text._ZN5hwlib7wait_usEi
                0x0000000000000652        0x8 hwlib.o
                0x0000000000000652                hwlib::wait_us(int)
 .text._ZN5hwlib12wait_ms_busyEi
                0x000000000000065a       0x16 hwlib.o
                0x000000000000065a                hwlib::wait_ms_busy(int)
 .text._ZN5hwlib7wait_msEi
                0x0000000000000670        0x8 hwlib.o
                0x0000000000000670                hwlib::wait_ms(int)
 .text._ZN5hwlib8terminal10cursor_setENS_2xyE
                0x0000000000000678       0x28 main.o
                0x0000000000000678                hwlib::terminal::cursor_set(hwlib::xy)
 .text._ZN5hwlib14i2c_primitives8read_ackEv
                0x00000000000006a0       0x10 main.o
                0x00000000000006a0                hwlib::i2c_primitives::read_ack()
 .text._ZN5hwlib14i2c_primitives9write_ackEv
                0x00000000000006b0        0x8 main.o
                0x00000000000006b0                hwlib::i2c_primitives::write_ack()
 .text._ZN5hwlib14i2c_primitives10write_nackEv
                0x00000000000006b8        0x8 main.o
                0x00000000000006b8                hwlib::i2c_primitives::write_nack()
 .text._ZN5hwlib14i2c_primitives5writeEh
                0x00000000000006c0       0x1c main.o
                0x00000000000006c0                hwlib::i2c_primitives::write(unsigned char)
 .text._ZN5hwlib14i2c_primitives5writeEPKhj
                0x00000000000006dc       0x24 main.o
                0x00000000000006dc                hwlib::i2c_primitives::write(unsigned char const*, unsigned int)
 .text._ZN5hwlib14i2c_primitives9read_byteEv
                0x0000000000000700       0x20 main.o
                0x0000000000000700                hwlib::i2c_primitives::read_byte()
 .text._ZN5hwlib14i2c_primitives4readEbPhj
                0x0000000000000720       0x36 main.o
                0x0000000000000720                hwlib::i2c_primitives::read(bool, unsigned char*, unsigned int)
 .text._ZN5hwlib13terminal_from25cursor_set_implementationENS_2xyE
                0x0000000000000756       0x28 main.o
                0x0000000000000756                hwlib::terminal_from::cursor_set_implementation(hwlib::xy)
 .text._ZN5hwlib13terminal_from5clearEv
                0x000000000000077e       0x28 main.o
                0x000000000000077e                hwlib::terminal_from::clear()
 .text._ZN5hwlib13terminal_from5flushEv
                0x00000000000007a6        0x8 main.o
                0x00000000000007a6                hwlib::terminal_from::flush()
 *fill*         0x00000000000007ae        0x2 
 .text._ZNK5hwlib16font_default_8x8ixEc
                0x00000000000007b0       0x14 main.o
                0x00000000000007b0                hwlib::font_default_8x8::operator[](char) const
 .text._ZN5hwlib29glcd_oled_i2c_128x64_buffered20write_implementationENS_2xyENS_5colorE
                0x00000000000007c4       0x64 main.o
                0x00000000000007c4                hwlib::glcd_oled_i2c_128x64_buffered::write_implementation(hwlib::xy, hwlib::color)
 .text._ZN3due6pin_in4readEv
                0x0000000000000828       0x10 main.o
                0x0000000000000828                due::pin_in::read()
 .text._ZN3due6pin_in7refreshEv
                0x0000000000000838        0x2 main.o
                0x0000000000000838                due::pin_in::refresh()
 .text._ZN3due7pin_out5writeEb
                0x000000000000083a        0xe main.o
                0x000000000000083a                due::pin_out::write(bool)
 .text._ZN3due7pin_out5flushEv
                0x0000000000000848        0x2 main.o
                0x0000000000000848                due::pin_out::flush()
 .text._ZN3due6pin_oc4readEv
                0x000000000000084a       0x10 main.o
                0x000000000000084a                due::pin_oc::read()
 .text._ZN3due6pin_oc5writeEb
                0x000000000000085a       0x10 main.o
                0x000000000000085a                due::pin_oc::write(bool)
 .text._ZN3due6pin_oc5flushEv
                0x000000000000086a        0x2 main.o
                0x000000000000086a                due::pin_oc::flush()
 .text._ZN3due6pin_oc7refreshEv
                0x000000000000086c        0x2 main.o
                0x000000000000086c                due::pin_oc::refresh()
 .text._ZN5hwlib8terminal4putcEc
                0x000000000000086e       0xde main.o
                0x000000000000086e                hwlib::terminal::putc(char)
 .text._ZN5hwlib26i2c_bus_bit_banged_scl_sda16wait_half_periodEv.isra.7
                0x000000000000094c        0x6 main.o
 .text._ZN5hwlib26i2c_bus_bit_banged_scl_sda10write_stopEv
                0x0000000000000952       0x60 main.o
                0x0000000000000952                hwlib::i2c_bus_bit_banged_scl_sda::write_stop()
 .text._ZN5hwlib26i2c_bus_bit_banged_scl_sda11write_startEv
                0x00000000000009b2       0x34 main.o
                0x00000000000009b2                hwlib::i2c_bus_bit_banged_scl_sda::write_start()
 .text._ZN5hwlib26i2c_bus_bit_banged_scl_sda8read_bitEv
                0x00000000000009e6       0x68 main.o
                0x00000000000009e6                hwlib::i2c_bus_bit_banged_scl_sda::read_bit()
 .text._ZN5hwlib26i2c_bus_bit_banged_scl_sda9write_bitEb
                0x0000000000000a4e       0x52 main.o
                0x0000000000000a4e                hwlib::i2c_bus_bit_banged_scl_sda::write_bit(bool)
 .text._ZN5hwlib13xy_iterator_tppEv
                0x0000000000000aa0       0x18 main.o
                0x0000000000000aa0                hwlib::xy_iterator_t::operator++()
 .text._ZN5hwlib21i2c_write_transactionC2ERNS_14i2c_primitivesEj
                0x0000000000000ab8       0x24 main.o
                0x0000000000000ab8                hwlib::i2c_write_transaction::i2c_write_transaction(hwlib::i2c_primitives&, unsigned int)
                0x0000000000000ab8                hwlib::i2c_write_transaction::i2c_write_transaction(hwlib::i2c_primitives&, unsigned int)
 .text._ZN5hwlib21i2c_write_transaction5writeEPKhj
                0x0000000000000adc        0x8 main.o
                0x0000000000000adc                hwlib::i2c_write_transaction::write(unsigned char const*, unsigned int)
 .text._ZN5hwlib21i2c_write_transactionD2Ev
                0x0000000000000ae4       0x18 main.o
                0x0000000000000ae4                hwlib::i2c_write_transaction::~i2c_write_transaction()
                0x0000000000000ae4                hwlib::i2c_write_transaction::~i2c_write_transaction()
 .text._ZN5hwlib6window5clearENS_5colorE
                0x0000000000000afc       0x50 main.o
                0x0000000000000afc                hwlib::window::clear(hwlib::color)
 .text._ZN5hwlib6window5clearEv
                0x0000000000000b4c       0x4e main.o
                0x0000000000000b4c                hwlib::window::clear()
 .text._ZN5hwlib13terminal_from19putc_implementationEc
                0x0000000000000b9a       0xa2 main.o
                0x0000000000000b9a                hwlib::terminal_from::putc_implementation(char)
 .text._ZN5hwlib11ssd1306_i2c7commandENS_16ssd1306_commandsEhh
                0x0000000000000c3c       0x3c main.o
                0x0000000000000c3c                hwlib::ssd1306_i2c::command(hwlib::ssd1306_commands, unsigned char, unsigned char)
 .text._ZN5hwlib29glcd_oled_i2c_128x64_buffered5flushEv
                0x0000000000000c78       0x58 main.o
                0x0000000000000c78                hwlib::glcd_oled_i2c_128x64_buffered::flush()
 .text._ZN3due7pin_outC2ENS_4pinsE
                0x0000000000000cd0       0x34 main.o
                0x0000000000000cd0                due::pin_out::pin_out(due::pins)
                0x0000000000000cd0                due::pin_out::pin_out(due::pins)
 .text._ZN3due6pin_ocC2ENS_4pinsE
                0x0000000000000d04       0x34 main.o
                0x0000000000000d04                due::pin_oc::pin_oc(due::pins)
                0x0000000000000d04                due::pin_oc::pin_oc(due::pins)
 .text._ZN3due7pin_adcC2ENS_7ad_pinsE
                0x0000000000000d38       0x54 main.o
                0x0000000000000d38                due::pin_adc::pin_adc(due::ad_pins)
                0x0000000000000d38                due::pin_adc::pin_adc(due::ad_pins)
 .text.startup.main
                0x0000000000000d8c      0x34c main.o
                0x0000000000000d8c                main
 .text.__startup
                0x00000000000010d8       0x48 bmptk_cortex.o
                0x00000000000010d8                __startup
 .text          0x0000000000001120      0x378 /usr/bin/../lib/gcc/arm-none-eabi/7.3.1/thumb/v7-m/libgcc.a(_arm_addsubdf3.o)
                0x0000000000001120                __aeabi_drsub
                0x0000000000001128                __aeabi_dsub
                0x0000000000001128                __subdf3
                0x000000000000112c                __adddf3
                0x000000000000112c                __aeabi_dadd
                0x00000000000013a4                __aeabi_ui2d
                0x00000000000013a4                __floatunsidf
                0x00000000000013c4                __floatsidf
                0x00000000000013c4                __aeabi_i2d
                0x00000000000013e8                __extendsfdf2
                0x00000000000013e8                __aeabi_f2d
                0x000000000000142c                __aeabi_ul2d
                0x000000000000142c                __floatundidf
                0x000000000000143c                __floatdidf
                0x000000000000143c                __aeabi_l2d
 .text          0x0000000000001498      0x424 /usr/bin/../lib/gcc/arm-none-eabi/7.3.1/thumb/v7-m/libgcc.a(_arm_muldivdf3.o)
                0x0000000000001498                __aeabi_dmul
                0x0000000000001498                __muldf3
                0x00000000000016ec                __aeabi_ddiv
                0x00000000000016ec                __divdf3
 .text          0x00000000000018bc       0xa0 /usr/bin/../lib/gcc/arm-none-eabi/7.3.1/thumb/v7-m/libgcc.a(_arm_truncdfsf2.o)
                0x00000000000018bc                __aeabi_d2f
                0x00000000000018bc                __truncdfsf2
 .text          0x000000000000195c      0x21c /usr/bin/../lib/gcc/arm-none-eabi/7.3.1/thumb/v7-m/libgcc.a(_arm_addsubsf3.o)
                0x000000000000195c                __aeabi_frsub
                0x0000000000001964                __subsf3
                0x0000000000001964                __aeabi_fsub
                0x0000000000001968                __aeabi_fadd
                0x0000000000001968                __addsf3
                0x0000000000001ac8                __aeabi_ui2f
                0x0000000000001ac8                __floatunsisf
                0x0000000000001ad0                __aeabi_i2f
                0x0000000000001ad0                __floatsisf
                0x0000000000001aec                __floatundisf
                0x0000000000001aec                __aeabi_ul2f
                0x0000000000001afc                __floatdisf
                0x0000000000001afc                __aeabi_l2f
 .text          0x0000000000001b78      0x2a0 /usr/bin/../lib/gcc/arm-none-eabi/7.3.1/thumb/v7-m/libgcc.a(_arm_muldivsf3.o)
                0x0000000000001b78                __mulsf3
                0x0000000000001b78                __aeabi_fmul
                0x0000000000001ce0                __divsf3
                0x0000000000001ce0                __aeabi_fdiv
 .text          0x0000000000001e18       0x4c /usr/bin/../lib/gcc/arm-none-eabi/7.3.1/thumb/v7-m/libgcc.a(_arm_fixsfsi.o)
                0x0000000000001e18                __fixsfsi
                0x0000000000001e18                __aeabi_f2iz
 .text          0x0000000000001e64       0x30 /usr/bin/../lib/gcc/arm-none-eabi/7.3.1/thumb/v7-m/libgcc.a(_aeabi_uldivmod.o)
                0x0000000000001e64                __aeabi_uldivmod
 .text          0x0000000000001e94      0x2d0 /usr/bin/../lib/gcc/arm-none-eabi/7.3.1/thumb/v7-m/libgcc.a(_udivmoddi4.o)
                0x0000000000001e94                __udivmoddi4
 .text          0x0000000000002164        0x4 /usr/bin/../lib/gcc/arm-none-eabi/7.3.1/thumb/v7-m/libgcc.a(_dvmd_tls.o)
                0x0000000000002164                __aeabi_ldiv0
                0x0000000000002168                . = ALIGN (0x4)
 *(.glue_7t .glue_7)
 .glue_7        0x0000000000002168        0x0 linker stubs
 .glue_7t       0x0000000000002168        0x0 linker stubs
                0x0000000000002168                . = ALIGN (0x4)
 *(.rodata .rodata.* .gnu.linkonce.r.*)
 .rodata._ZTVN3due7pin_adcE
                0x0000000000002168       0x10 sensorlib.o
                0x0000000000002168                vtable for due::pin_adc
 .rodata._ZN3due8pin_infoENS_4pinsE.str1.1
                0x0000000000002178       0x37 sensorlib.o
 .rodata._ZZN3due11ad_pin_infoENS_7ad_pinsEE17ad_pin_info_array
                0x00000000000021af        0xc sensorlib.o
 *fill*         0x00000000000021bb        0x1 
 .rodata._ZZN3due11ad_seq_infoEmE12ad_seq_array
                0x00000000000021bc       0x70 sensorlib.o
 .rodata._ZZN3due8pin_infoENS_4pinsEE14pin_info_array
                0x000000000000222c       0xa4 sensorlib.o
 .rodata._ZTV8pressure
                0x00000000000022d0        0xc pressure.o
                0x00000000000022d0                vtable for pressure
 .rodata._ZTVN5hwlib20cout_using_uart_putcE
                0x00000000000022dc       0x10 hwlib.o
                0x00000000000022dc                vtable for hwlib::cout_using_uart_putc
 .rodata._ZTVN5hwlib14image_invert_tE
                0x00000000000022ec        0xc hwlib.o
                0x00000000000022ec                vtable for hwlib::image_invert_t
 .rodata._ZTVN5hwlib9image_8x8E
                0x00000000000022f8        0xc hwlib.o
                0x00000000000022f8                vtable for hwlib::image_8x8
 .rodata._ZN5hwlib16font_default_8x86imagesE
                0x0000000000002304      0xa00 hwlib.o
                0x0000000000002304                hwlib::font_default_8x8::images
 .rodata._ZN5hwlibL5blackE
                0x0000000000002d04        0x4 hwlib.o
 .rodata._ZN5hwlibL5whiteE
                0x0000000000002d08        0x4 hwlib.o
 .rodata._ZTVN5hwlib26i2c_bus_bit_banged_scl_sdaE
                0x0000000000002d0c       0x34 main.o
                0x0000000000002d0c                vtable for hwlib::i2c_bus_bit_banged_scl_sda
 .rodata._ZTVN5hwlib13terminal_fromE
                0x0000000000002d40       0x20 main.o
                0x0000000000002d40                vtable for hwlib::terminal_from
 .rodata._ZTVN5hwlib16font_default_8x8E
                0x0000000000002d60        0xc main.o
                0x0000000000002d60                vtable for hwlib::font_default_8x8
 .rodata._ZTVN5hwlib29glcd_oled_i2c_128x64_bufferedE
                0x0000000000002d6c       0x18 main.o
                0x0000000000002d6c                vtable for hwlib::glcd_oled_i2c_128x64_buffered
 .rodata._ZTVN3due6pin_inE
                0x0000000000002d84       0x10 main.o
                0x0000000000002d84                vtable for due::pin_in
 .rodata._ZTVN3due7pin_outE
                0x0000000000002d94       0x10 main.o
                0x0000000000002d94                vtable for due::pin_out
 .rodata._ZTVN3due6pin_ocE
                0x0000000000002da4       0x18 main.o
                0x0000000000002da4                vtable for due::pin_oc
 .rodata._ZN5hwlibL22ssd1306_initializationE
                0x0000000000002dbc       0x29 main.o
 .rodata.main.str1.1
                0x0000000000002de5       0x52 main.o
                                         0x5b (size before relaxing)
                0x0000000000002e38                . = ALIGN (0x4)
 *fill*         0x0000000000002e37        0x1 
 *(.ARM.extab* .gnu.linkonce.armextab.*)
                0x0000000000002e38                . = ALIGN (0x4)
 *(.gcc_except_table)
                0x0000000000002e38                . = ALIGN (0x4)
 *(.eh_frame_hdr)
                0x0000000000002e38                . = ALIGN (0x4)
 *(.eh_frame)
                0x0000000000002e38                . = ALIGN (0x4)
                0x0000000000002e38                __text_end = .
                [!provide]                        PROVIDE (__text_end = __text_end)

.vfp11_veneer   0x0000000000002e38        0x0
 .vfp11_veneer  0x0000000000002e38        0x0 linker stubs

.v4_bx          0x0000000000002e38        0x0
 .v4_bx         0x0000000000002e38        0x0 linker stubs

.iplt           0x0000000000002e38        0x0
 .iplt          0x0000000000002e38        0x0 sensorlib.o

.IF_YOU_SEE_THIS_YOU_HAVE_ONE_OR_MORE_GLOBAL_OBJECT_CONSTRUCTORS
 *(.init)
 *(.preinit_array)
 *(SORT_BY_NAME(.init_array.*))
 *(.init_array)
                0x0000000000002e38                . = ALIGN (0x4)
                0x0000000000002e38                __exidx_start = .
                [!provide]                        PROVIDE (__exidx_start = __exidx_start)

.ARM.exidx      0x0000000000002e38        0x8
 *(.ARM.exidx* .gnu.linkonce.armexidx.*)
 .ARM.exidx     0x0000000000002e38        0x8 /usr/bin/../lib/gcc/arm-none-eabi/7.3.1/thumb/v7-m/libgcc.a(_udivmoddi4.o)

.rel.dyn        0x0000000000002e40        0x0
 .rel.iplt      0x0000000000002e40        0x0 sensorlib.o
                0x0000000000002e40                . = ALIGN (0x4)
                0x0000000000002e40                __exidx_end = .
                [!provide]                        PROVIDE (__exidx_end = __exidx_end)

.bss            0x0000000020000000    0x12010
                0x0000000020000000                . = ALIGN (0x4)
                0x0000000020000000                __stack_start = .
                [!provide]                        PROVIDE (__stack_start = __stack_start)
                0x0000000020000000                . = ALIGN (0x4)
 *(.bmptk_stack)
 .bmptk_stack   0x0000000020000000    0x12000 bmptk_fixed_size_stack.o
                0x0000000020000000                bmptk_stack
                0x0000000020012000                . = ALIGN (0x8)
                0x0000000020012000                __main_stack_end = .
                [!provide]                        PROVIDE (__main_stack_end = __main_stack_end)
                0x0000000020012000                . = ALIGN (0x4)
                0x0000000020012000                __stack_end = .
                [!provide]                        PROVIDE (__stack_end = __stack_end)
                0x0000000020012000                . = ALIGN (0x4)
                0x0000000020012000                __bss_start = .
                [!provide]                        PROVIDE (__bss_start = __bss_start)
                0x0000000020012000                . = ALIGN (0x4)
 *(.bss .bss.* .gnu.linkonce.b.*)
 .bss._ZZN3due9now_ticksEvE4high
                0x0000000020012000        0x8 sensorlib.o
 .bss._ZZN3due9now_ticksEvE8last_low
                0x0000000020012008        0x4 sensorlib.o
 .bss._ZZN3due9now_ticksEvE9init_done
                0x000000002001200c        0x1 sensorlib.o
 .bss._ZZN3due9uart_initEvE9init_done
                0x000000002001200d        0x1 hwlib.o
                0x0000000020012010                . = ALIGN (0x4)
 *fill*         0x000000002001200e        0x2 
 *(COMMON)
                0x0000000020012010                . = ALIGN (0x4)
                0x0000000020012010                __bss_end = .
                [!provide]                        PROVIDE (__bss_end = __bss_end)

.data           0x0000000020012010       0x1c load address 0x0000000000002e40
                0x0000000020012010                . = ALIGN (0x4)
                0x0000000000002e40                __data_init_start = LOADADDR (.data)
                [!provide]                        PROVIDE (__data_init_start = __data_init_start)
                0x0000000020012010                __data_start = .
                [!provide]                        PROVIDE (__data_start = __data_start)
                0x0000000020012010                . = ALIGN (0x4)
 *(.data .data.* .gnu.linkonce.d.*)
 .data._ZN6sam3xa15SystemCoreClockE
                0x0000000020012010        0x4 sensorlib.o
                0x0000000020012010                sam3xa::SystemCoreClock
 .data._ZN3due7hw_uartE
                0x0000000020012014        0x4 hwlib.o
                0x0000000020012014                due::hw_uart
 .data._ZN5hwlib4coutE
                0x0000000020012018       0x14 hwlib.o
                0x0000000020012018                hwlib::cout
                0x000000002001202c                . = ALIGN (0x4)
                0x000000002001202c                __data_end = .
                [!provide]                        PROVIDE (__data_end = __data_end)
                0x0000000000002e40                __data_init_end = LOADADDR (.data)
                [!provide]                        PROVIDE (__data_init_end = __data_init_end)
                [!provide]                        PROVIDE (__data_size = (__data_end - __data_start))
                [!provide]                        PROVIDE (__data_init_size = __data_size)
                [!provide]                        PROVIDE (__data_init_end = (__data_init_start + __data_init_size))

.igot.plt       0x000000002001202c        0x0 load address 0x0000000000002e5c
 .igot.plt      0x000000002001202c        0x0 sensorlib.o
                0x000000002001202c                . = ALIGN (0x4)
                0x000000002001202c                __heap_start = .
                [!provide]                        PROVIDE (__heap_start = __heap_start)
                0x000000002001202c                . = ALIGN (0x4)
                0x0000000020018000                __heap_end = __ram_end
                [!provide]                        PROVIDE (__heap_end = __heap_end)

.stab
 *(.stab)

.stabstr
 *(.stabstr)

.debug
 *(.debug)

.line
 *(.line)

.debug_srcinfo
 *(.debug_srcinfo)

.debug_sfnames
 *(.debug_sfnames)

.debug_aranges
 *(.debug_aranges)

.debug_pubnames
 *(.debug_pubnames)

.debug_info
 *(.debug_info .gnu.linkonce.wi.*)

.debug_abbrev
 *(.debug_abbrev)

.debug_line
 *(.debug_line)

.debug_frame    0x0000000000000000      0x228
 *(.debug_frame)
 .debug_frame   0x0000000000000000       0xac /usr/bin/../lib/gcc/arm-none-eabi/7.3.1/thumb/v7-m/libgcc.a(_arm_addsubdf3.o)
 .debug_frame   0x00000000000000ac       0x50 /usr/bin/../lib/gcc/arm-none-eabi/7.3.1/thumb/v7-m/libgcc.a(_arm_muldivdf3.o)
 .debug_frame   0x00000000000000fc       0x24 /usr/bin/../lib/gcc/arm-none-eabi/7.3.1/thumb/v7-m/libgcc.a(_arm_truncdfsf2.o)
 .debug_frame   0x0000000000000120       0x4c /usr/bin/../lib/gcc/arm-none-eabi/7.3.1/thumb/v7-m/libgcc.a(_arm_addsubsf3.o)
 .debug_frame   0x000000000000016c       0x38 /usr/bin/../lib/gcc/arm-none-eabi/7.3.1/thumb/v7-m/libgcc.a(_arm_muldivsf3.o)
 .debug_frame   0x00000000000001a4       0x24 /usr/bin/../lib/gcc/arm-none-eabi/7.3.1/thumb/v7-m/libgcc.a(_arm_fixsfsi.o)
 .debug_frame   0x00000000000001c8       0x2c /usr/bin/../lib/gcc/arm-none-eabi/7.3.1/thumb/v7-m/libgcc.a(_aeabi_uldivmod.o)
 .debug_frame   0x00000000000001f4       0x34 /usr/bin/../lib/gcc/arm-none-eabi/7.3.1/thumb/v7-m/libgcc.a(_udivmoddi4.o)

.comment        0x0000000000000000       0x7f
 .comment       0x0000000000000000       0x7f sensorlib.o
                                         0x80 (size before relaxing)
 .comment       0x000000000000007f       0x80 pressure.o
 .comment       0x000000000000007f       0x80 activate.o
 .comment       0x000000000000007f       0x80 hwlib.o
 .comment       0x000000000000007f       0x80 main.o
 .comment       0x000000000000007f       0x80 bmptk_cortex.o
 .comment       0x000000000000007f       0x80 bmptk_fixed_size_stack.o

.debug_str
 *(.debug_str)

.debug_loc
 *(.debug_loc)

.debug_macinfo
 *(.debug_macinfo)

.debug_weaknames
 *(.debug_weaknames)

.debug_funcnames
 *(.debug_funcnames)

.debug_typenames
 *(.debug_typenames)

.debug_varnames
 *(.debug_varnames)

.note.gnu.arm.ident
 *(.note.gnu.arm.ident)

.ARM.attributes
                0x0000000000000000       0x33
 *(.ARM.attributes)
 .ARM.attributes
                0x0000000000000000       0x33 sensorlib.o
 .ARM.attributes
                0x0000000000000033       0x33 pressure.o
 .ARM.attributes
                0x0000000000000066       0x33 pulse.o
 .ARM.attributes
                0x0000000000000099       0x33 activate.o
 .ARM.attributes
                0x00000000000000cc       0x33 hwlib.o
 .ARM.attributes
                0x00000000000000ff       0x33 main.o
 .ARM.attributes
                0x0000000000000132       0x33 bmptk_cortex.o
 .ARM.attributes
                0x0000000000000165       0x33 bmptk_heap_none.o
 .ARM.attributes
                0x0000000000000198       0x33 bmptk_fixed_size_stack.o
 .ARM.attributes
                0x00000000000001cb       0x1d /usr/bin/../lib/gcc/arm-none-eabi/7.3.1/thumb/v7-m/libgcc.a(_arm_addsubdf3.o)
 .ARM.attributes
                0x00000000000001e8       0x1d /usr/bin/../lib/gcc/arm-none-eabi/7.3.1/thumb/v7-m/libgcc.a(_arm_muldivdf3.o)
 .ARM.attributes
                0x0000000000000205       0x1d /usr/bin/../lib/gcc/arm-none-eabi/7.3.1/thumb/v7-m/libgcc.a(_arm_truncdfsf2.o)
 .ARM.attributes
                0x0000000000000222       0x1d /usr/bin/../lib/gcc/arm-none-eabi/7.3.1/thumb/v7-m/libgcc.a(_arm_addsubsf3.o)
 .ARM.attributes
                0x000000000000023f       0x1d /usr/bin/../lib/gcc/arm-none-eabi/7.3.1/thumb/v7-m/libgcc.a(_arm_muldivsf3.o)
 .ARM.attributes
                0x000000000000025c       0x1d /usr/bin/../lib/gcc/arm-none-eabi/7.3.1/thumb/v7-m/libgcc.a(_arm_cmpsf2.o)
 .ARM.attributes
                0x0000000000000279       0x1d /usr/bin/../lib/gcc/arm-none-eabi/7.3.1/thumb/v7-m/libgcc.a(_arm_fixsfsi.o)
 .ARM.attributes
                0x0000000000000296       0x1d /usr/bin/../lib/gcc/arm-none-eabi/7.3.1/thumb/v7-m/libgcc.a(_aeabi_uldivmod.o)
 .ARM.attributes
                0x00000000000002b3       0x2d /usr/bin/../lib/gcc/arm-none-eabi/7.3.1/thumb/v7-m/libgcc.a(_udivmoddi4.o)
 .ARM.attributes
                0x00000000000002e0       0x1d /usr/bin/../lib/gcc/arm-none-eabi/7.3.1/thumb/v7-m/libgcc.a(_dvmd_tls.o)

/DISCARD/
 *(.note.GNU-stack)
                [!provide]                        PROVIDE (__text_size = (__text_end - __text_start))
                [!provide]                        PROVIDE (__exidx_size = (__exidx_end - __exidx_start))
                [!provide]                        PROVIDE (__bss_size = (__bss_end - __bss_start))
                [!provide]                        PROVIDE (__stack_size = (__stack_end - __stack_start))
                [!provide]                        PROVIDE (__heap_size = (__heap_end - __heap_start))
OUTPUT(main.elf elf32-littlearm)
